../Core/Src/main.c:79:5:_write	24	static
../Core/Src/main.c:84:6:uart_process_command	56	static
../Core/Src/main.c:171:13:uart_byte_avilable	16	static
../Core/Src/main.c:192:5:main	16	static
../Core/Src/main.c:261:6:SystemClock_Config	96	static
../Core/Src/main.c:307:13:MX_I2C1_Init	8	static
../Core/Src/main.c:355:13:MX_USART2_UART_Init	8	static
../Core/Src/main.c:388:13:MX_DMA_Init	16	static
../Core/Src/main.c:406:13:MX_GPIO_Init	56	static
../Core/Src/main.c:456:6:Error_Handler	8	static,ignoring_inline_asm
