16:32:45 **** Incremental Build of configuration Debug for project cvika4 ****
make -j7 all 
arm-none-eabi-gcc "../Core/Src/main.c" -mcpu=cortex-m0 -std=gnu11 -g3 -DDEBUG -DUSE_HAL_DRIVER -DSTM32F030x8 -c -I../Core/Inc -I../Drivers/STM32F0xx_HAL_Driver/Inc -I../Drivers/STM32F0xx_HAL_Driver/Inc/Legacy -I../Drivers/CMSIS/Device/ST/STM32F0xx/Include -I../Drivers/CMSIS/Include -O0 -ffunction-sections -fdata-sections -Wall -fstack-usage -fcyclomatic-complexity -MMD -MP -MF"Core/Src/main.d" -MT"Core/Src/main.o" --specs=nano.specs -mfloat-abi=soft -mthumb -o "Core/Src/main.o"
arm-none-eabi-gcc -o "cvika4.elf" @"objects.list"   -mcpu=cortex-m0 -T"/Users/topsecret/Documents/škola/FEKT/sem7/MKS/cvika/cvika4/STM32F030R8TX_FLASH.ld" --specs=nosys.specs -Wl,-Map="cvika4.map" -Wl,--gc-sections -static --specs=nano.specs -mfloat-abi=soft -mthumb -Wl,--start-group -lc -lm -Wl,--end-group
Finished building target: cvika4.elf
 
arm-none-eabi-size   cvika4.elf 
arm-none-eabi-objdump -h -S  cvika4.elf  > "cvika4.list"
   text	   data	    bss	    dec	    hex	filename
  17472	     20	   1796	  19288	   4b58	cvika4.elf
Finished building: default.size.stdout
 
Finished building: cvika4.list
 

16:32:46 Build Finished. 0 errors, 0 warnings. (took 663ms)

