09:59:41 **** Incremental Build of configuration Debug for project cvika5 ****
make -j7 all 
arm-none-eabi-gcc "../Core/Src/main.c" -mcpu=cortex-m0 -std=gnu11 -g3 -DDEBUG -DUSE_HAL_DRIVER -DSTM32F030x8 -c -I../Core/Inc -I../Drivers/STM32F0xx_HAL_Driver/Inc -I../Drivers/STM32F0xx_HAL_Driver/Inc/Legacy -I../Drivers/CMSIS/Device/ST/STM32F0xx/Include -I../Drivers/CMSIS/Include -O0 -ffunction-sections -fdata-sections -Wall -fstack-usage -fcyclomatic-complexity -MMD -MP -MF"Core/Src/main.d" -MT"Core/Src/main.o" --specs=nano.specs -mfloat-abi=soft -mthumb -o "Core/Src/main.o"
arm-none-eabi-gcc -o "cvika5.elf" @"objects.list"   -mcpu=cortex-m0 -T"/Users/topsecret/Documents/škola/FEKT/sem7/MKS/cvika/cvika5/STM32F030R8TX_FLASH.ld" --specs=nosys.specs -Wl,-Map="cvika5.map" -Wl,--gc-sections -static --specs=nano.specs -mfloat-abi=soft -mthumb -Wl,--start-group -lc -lm -Wl,--end-group
Finished building target: cvika5.elf
 
arm-none-eabi-size   cvika5.elf 
arm-none-eabi-objdump -h -S  cvika5.elf  > "cvika5.list"
   text	   data	    bss	    dec	    hex	filename
  20736	    112	   2328	  23176	   5a88	cvika5.elf
Finished building: default.size.stdout
 
Finished building: cvika5.list
 

09:59:42 Build Finished. 0 errors, 0 warnings. (took 904ms)

